26-08-25.17:06:01.638 [main            ] INFO  ApiTest                - Starting ApiTest using Java 21.0.2 on 奇迹 with PID 45784 (started by qijiv in C:\Users\qijiv\Desktop\project\marketing-platform\marketing-platform-app)
26-08-25.17:06:01.645 [main            ] INFO  ApiTest                - The following 1 profile is active: "dev"
26-08-25.17:06:11.732 [main            ] INFO  PostProcessorRegistrationDelegate$BeanPostProcessorChecker - Bean 'stringToNoneShardingStrategyConfigurationConverter' of type [org.apache.shardingsphere.spring.boot.converter.StringToNoneShardingStrategyConfigurationConverter] is not eligible for getting processed by all BeanPostProcessors (for example: not eligible for auto-proxying)
26-08-25.17:06:12.278 [main            ] INFO  PostProcessorRegistrationDelegate$BeanPostProcessorChecker - Bean 'spring.shardingsphere.sharding-org.apache.shardingsphere.shardingjdbc.spring.boot.sharding.SpringBootShardingRuleConfigurationProperties' of type [org.apache.shardingsphere.shardingjdbc.spring.boot.sharding.SpringBootShardingRuleConfigurationProperties] is not eligible for getting processed by all BeanPostProcessors (for example: not eligible for auto-proxying)
26-08-25.17:06:12.316 [main            ] INFO  PostProcessorRegistrationDelegate$BeanPostProcessorChecker - Bean 'spring.shardingsphere.masterslave-org.apache.shardingsphere.shardingjdbc.spring.boot.masterslave.SpringBootMasterSlaveRuleConfigurationProperties' of type [org.apache.shardingsphere.shardingjdbc.spring.boot.masterslave.SpringBootMasterSlaveRuleConfigurationProperties] is not eligible for getting processed by all BeanPostProcessors (for example: not eligible for auto-proxying)
26-08-25.17:06:12.374 [main            ] INFO  PostProcessorRegistrationDelegate$BeanPostProcessorChecker - Bean 'spring.shardingsphere.encrypt-org.apache.shardingsphere.shardingjdbc.spring.boot.encrypt.SpringBootEncryptRuleConfigurationProperties' of type [org.apache.shardingsphere.shardingjdbc.spring.boot.encrypt.SpringBootEncryptRuleConfigurationProperties] is not eligible for getting processed by all BeanPostProcessors (for example: not eligible for auto-proxying)
26-08-25.17:06:12.418 [main            ] INFO  PostProcessorRegistrationDelegate$BeanPostProcessorChecker - Bean 'spring.shardingsphere.shadow-org.apache.shardingsphere.shardingjdbc.spring.boot.shadow.SpringBootShadowRuleConfigurationProperties' of type [org.apache.shardingsphere.shardingjdbc.spring.boot.shadow.SpringBootShadowRuleConfigurationProperties] is not eligible for getting processed by all BeanPostProcessors (for example: not eligible for auto-proxying)
26-08-25.17:06:12.444 [main            ] INFO  PostProcessorRegistrationDelegate$BeanPostProcessorChecker - Bean 'spring.shardingsphere-org.apache.shardingsphere.shardingjdbc.spring.boot.common.SpringBootPropertiesConfigurationProperties' of type [org.apache.shardingsphere.shardingjdbc.spring.boot.common.SpringBootPropertiesConfigurationProperties] is not eligible for getting processed by all BeanPostProcessors (for example: not eligible for auto-proxying)
26-08-25.17:06:13.950 [main            ] INFO  PostProcessorRegistrationDelegate$BeanPostProcessorChecker - Bean 'org.apache.shardingsphere.shardingjdbc.spring.boot.SpringBootConfiguration' of type [org.apache.shardingsphere.shardingjdbc.spring.boot.SpringBootConfiguration$$EnhancerBySpringCGLIB$$bd9d1340] is not eligible for getting processed by all BeanPostProcessors (for example: not eligible for auto-proxying)
26-08-25.17:06:19.994 [main            ] INFO  Version                - Redisson 3.22.0
26-08-25.17:06:22.155 [redisson-netty-2-6] INFO  MasterPubSubConnectionPool - 1 connections initialized for 111.228.17.153/111.228.17.153:16379
26-08-25.17:06:22.594 [redisson-netty-2-19] INFO  MasterConnectionPool   - 8 connections initialized for 111.228.17.153/111.228.17.153:16379
26-08-25.17:06:23.846 [main            ] INFO  HikariDataSource       - Retail_HikariCP_DS0 - Starting...
26-08-25.17:06:24.869 [main            ] INFO  HikariDataSource       - Retail_HikariCP_DS0 - Start completed.
26-08-25.17:06:24.897 [main            ] INFO  HikariDataSource       - Retail_HikariCP_DS1 - Starting...
26-08-25.17:06:25.178 [main            ] INFO  HikariDataSource       - Retail_HikariCP_DS1 - Start completed.
26-08-25.17:06:25.179 [main            ] INFO  HikariDataSource       - Retail_HikariCP_DS2 - Starting...
26-08-25.17:06:25.461 [main            ] INFO  HikariDataSource       - Retail_HikariCP_DS2 - Start completed.
26-08-25.17:06:25.761 [main            ] INFO  ConfigurationLogger    - ShardingRuleConfiguration:
defaultDataSourceName: ds0
tables:
  raffle_activity_order:
    actualDataNodes: ds$->{1..2}.raffle_activity_order_00$->{0..3}
    databaseStrategy:
      standard:
        preciseAlgorithmClassName: cn.qijiv.infrastructure.persistent.db.UserIdShardingAlgorithm
        shardingColumn: user_id
    logicTable: raffle_activity_order
    tableStrategy:
      standard:
        preciseAlgorithmClassName: cn.qijiv.infrastructure.persistent.db.UserIdShardingAlgorithm
        shardingColumn: user_id
  raffle_activity_account:
    actualDataNodes: ds$->{1..2}.raffle_activity_account
    databaseStrategy:
      standard:
        preciseAlgorithmClassName: cn.qijiv.infrastructure.persistent.db.UserIdShardingAlgorithm
        shardingColumn: user_id
    logicTable: raffle_activity_account
  raffle_activity_account_day:
    actualDataNodes: ds$->{1..2}.raffle_activity_account_day
    databaseStrategy:
      standard:
        preciseAlgorithmClassName: cn.qijiv.infrastructure.persistent.db.UserIdShardingAlgorithm
        shardingColumn: user_id
    logicTable: raffle_activity_account_day
  raffle_activity_account_month:
    actualDataNodes: ds$->{1..2}.raffle_activity_account_month
    databaseStrategy:
      standard:
        preciseAlgorithmClassName: cn.qijiv.infrastructure.persistent.db.UserIdShardingAlgorithm
        shardingColumn: user_id
    logicTable: raffle_activity_account_month
  task:
    actualDataNodes: ds$->{1..2}.task
    databaseStrategy:
      hint:
        algorithmClassName: cn.qijiv.infrastructure.persistent.db.TaskDBHintAlgorithm
    logicTable: task
  user_award_record:
    actualDataNodes: ds$->{1..2}.user_award_record_00$->{0..3}
    databaseStrategy:
      standard:
        preciseAlgorithmClassName: cn.qijiv.infrastructure.persistent.db.UserIdShardingAlgorithm
        shardingColumn: user_id
    logicTable: user_award_record
    tableStrategy:
      standard:
        preciseAlgorithmClassName: cn.qijiv.infrastructure.persistent.db.UserIdShardingAlgorithm
        shardingColumn: user_id
  user_raffle_order:
    actualDataNodes: ds$->{1..2}.user_raffle_order_00$->{0..3}
    databaseStrategy:
      standard:
        preciseAlgorithmClassName: cn.qijiv.infrastructure.persistent.db.UserIdShardingAlgorithm
        shardingColumn: user_id
    logicTable: user_raffle_order
    tableStrategy:
      standard:
        preciseAlgorithmClassName: cn.qijiv.infrastructure.persistent.db.UserIdShardingAlgorithm
        shardingColumn: user_id

26-08-25.17:06:25.765 [main            ] INFO  ConfigurationLogger    - Properties:
sql.show: 'false'

26-08-25.17:06:25.939 [main            ] INFO  ShardingSphere-metadata - Loading 7 logic tables' meta data.
26-08-25.17:06:26.996 [main            ] INFO  ShardingSphere-metadata - Loading 10 tables' meta data.
26-08-25.17:06:28.288 [main            ] INFO  ShardingSphere-metadata - Meta data load finished, cost 2523 milliseconds.
26-08-25.17:06:34.398 [main            ] INFO  SnowflakeIdGenerator   - 雪花算法初始化 workerId:1 dataCenterId:1
26-08-25.17:06:51.607 [main            ] INFO  OrderBloomFilterInitializer - 订单业务号布隆过滤器初始化完成，装载历史订单数量: 45
26-08-25.17:06:51.739 [main            ] INFO  CachingConnectionFactory - Attempting to connect to: [111.228.17.153:5672]
26-08-25.17:06:52.053 [main            ] INFO  CachingConnectionFactory - Created new connection: rabbitConnectionFactory#3c2188f:0/SimpleConnection@5f80b25a [delegate=amqp://qijiv@111.228.17.153:5672/, localPort= 55707]
26-08-25.17:06:52.402 [main            ] INFO  ApiTest                - Started ApiTest in 52.906 seconds (JVM running for 55.557)
26-08-25.17:06:53.846 [main            ] INFO  ApiTest                - {"activityId":100301,"userId":"xiaofuge"}
26-08-25.17:06:54.607 [main            ] INFO  RaffleActivityAccountDayDaoTest - 测试结果：null
26-08-25.17:06:55.041 [main            ] INFO  RuleTreeNodeDaoTest    - 测试结果：[{"createTime":1706320989000,"id":1,"ruleDesc":"限定用户已完成N次抽奖后解锁","ruleKey":"rule_lock","ruleValue":"1","treeId":"tree_lock_1","updateTime":1707954657000},{"createTime":1706320989000,"id":6,"ruleDesc":"限定用户已完成N次抽奖后解锁","ruleKey":"rule_lock","ruleValue":"2","treeId":"tree_lock_2","updateTime":1707954740000}]
26-08-25.17:06:55.564 [org.springframework.amqp.rabbit.RabbitListenerEndpointContainer#0-2] INFO  SimpleMessageListenerContainer - Waiting for workers to finish.
26-08-25.17:06:56.436 [org.springframework.amqp.rabbit.RabbitListenerEndpointContainer#0-2] INFO  SimpleMessageListenerContainer - Successfully waited for workers to finish.
26-08-25.17:06:56.440 [SpringApplicationShutdownHook] INFO  SimpleMessageListenerContainer - Shutdown ignored - container is already stopped
26-08-25.17:06:56.499 [SpringApplicationShutdownHook] INFO  HikariDataSource       - Retail_HikariCP_DS0 - Shutdown initiated...
26-08-25.17:06:56.591 [SpringApplicationShutdownHook] INFO  HikariDataSource       - Retail_HikariCP_DS0 - Shutdown completed.
26-08-25.17:06:56.591 [SpringApplicationShutdownHook] INFO  HikariDataSource       - Retail_HikariCP_DS1 - Shutdown initiated...
26-08-25.17:06:56.597 [SpringApplicationShutdownHook] INFO  HikariDataSource       - Retail_HikariCP_DS1 - Shutdown completed.
26-08-25.17:06:56.597 [SpringApplicationShutdownHook] INFO  HikariDataSource       - Retail_HikariCP_DS2 - Shutdown initiated...
26-08-25.17:06:56.602 [SpringApplicationShutdownHook] INFO  HikariDataSource       - Retail_HikariCP_DS2 - Shutdown completed.
